Product: MDK-ARM Lite 5.10
Component: ARM Compiler 5.04 update 1 (build 49)
Tool: armlink [5040049]

==============================================================================

Section Cross References

    main.o(.text) refers to _scanf_str.o(.text) for _scanf_string
    main.o(.text) refers to memseta.o(.text) for __aeabi_memclr4
    main.o(.text) refers to boardutil.o(.text) for DisableInterrupts
    main.o(.text) refers to gpioport.o(.text) for gpio_enable_port
    main.o(.text) refers to adc.o(.text) for configure_adc0
    main.o(.text) refers to timer0.o(.text) for configure_timer0
    main.o(.text) refers to watchdog0.o(.text) for configure_WDT0
    main.o(.text) refers to lcd.o(.text) for dogs102_init
    main.o(.text) refers to eeprom.o(.text) for eeprom_byte_read
    main.o(.text) refers to printfa.o(i.__0printf) for __2printf
    main.o(.text) refers to __0scanf.o(.text) for __0scanf
    main.o(.text) refers to memcpya.o(.text) for __aeabi_memcpy
    main.o(.text) refers to dfltui.o(.text) for __aeabi_ui2d
    main.o(.text) refers to cdcmple.o(.text) for __aeabi_cdcmple
    main.o(.text) refers to cdrcmple.o(.text) for __aeabi_cdrcmple
    main.o(.text) refers to fonts.o(.constdata) for xueyou
    main.o(.text) refers to main.o(.data) for tx_mode
    main.o(.text) refers to main.o(.bss) for read_data
    main.o(.text) refers to game.o(.text) for updateEnemy
    main.o(.text) refers to wireless.o(.text) for wireless_get_32
    main.o(.text) refers to f2d.o(.text) for __aeabi_f2d
    interrupts.o(.text) refers to boardutil.o(.text) for DisableInterrupts
    interrupts.o(.text) refers to main.o(.text) for readOldFields
    interrupts.o(.text) refers to pc_buffer.o(.text) for pc_buffer_add
    interrupts.o(.text) refers to adc.o(.text) for trigger_adc
    interrupts.o(.text) refers to printfa.o(i.__0printf) for __2printf
    interrupts.o(.text) refers to main.o(.data) for Alert_1ms
    interrupts.o(.text) refers to interrupts.o(.data) for ps2count
    interrupts.o(.text) refers to uart.o(.bss) for UART0_Rx_Buffer
    boardutil.o(.text) refers to _scanf_str.o(.text) for _scanf_string
    boardutil.o(.text) refers to gpioport.o(.text) for gpio_enable_port
    boardutil.o(.text) refers to uart.o(.text) for uart0_init_115K
    boardutil.o(.text) refers to i2c.o(.text) for initializeI2CMaster
    boardutil.o(.text) refers to spi.o(.text) for initialize_spi
    boardutil.o(.text) refers to wireless.o(.text) for wireless_set_pin_config
    boardutil.o(.text) refers to printfa.o(i.__0printf) for __2printf
    boardutil.o(.text) refers to __0scanf.o(.text) for __0scanf
    boardutil.o(.text) refers to eeprom.o(.text) for eeprom_byte_write
    game.o(.text) refers to lcd.o(.text) for dogs102_set_page
    game.o(.text) refers to fonts.o(.constdata) for board
    game.o(.text) refers to main.o(.data) for scene
    eeprom.o(.text) refers to i2c.o(.text) for i2cVerifyBaseAddr
    io_expander.o(.text) refers to i2c.o(.text) for i2cSetSlaveAddr
    uart.o(.text) refers to pc_buffer.o(.text) for pc_buffer_init
    uart.o(.text) refers to boardutil.o(.text) for DisableInterrupts
    uart.o(.text) refers to errno.o(i.__aeabi_errno_addr) for __aeabi_errno_addr
    uart.o(.text) refers to uart.o(.bss) for UART0_Tx_Buffer_Array
    uart.o(.text) refers to stdout.o(.data) for __stdout
    uart.o(.text) refers to stdin.o(.data) for __stdin
    wireless.o(.text) refers to spi.o(.text) for spiTx
    wireless.o(.text) refers to wireless.o(.bss) for wirelessPinConfig
    lcd.o(.text) refers to spi.o(.text) for spiTx
    lcd.o(.text) refers to fonts.o(.constdata) for courierNew_10ptBitmaps
    startup_tm4c123.o(RESET) refers to startup_tm4c123.o(STACK) for __initial_sp
    startup_tm4c123.o(RESET) refers to startup_tm4c123.o(.text) for Reset_Handler
    startup_tm4c123.o(RESET) refers to interrupts.o(.text) for SysTick_Handler
    startup_tm4c123.o(.text) refers to system_tm4c123.o(.text) for SystemInit
    startup_tm4c123.o(.text) refers to entry.o(.ARM.Collect$$$$00000000) for __main
    system_tm4c123.o(.text) refers to system_tm4c123.o(.data) for SystemCoreClock
    entry.o(.ARM.Collect$$$$00000000) refers (Special) to entry10a.o(.ARM.Collect$$$$0000000D) for __rt_final_cpp
    entry.o(.ARM.Collect$$$$00000000) refers (Special) to entry11a.o(.ARM.Collect$$$$0000000F) for __rt_final_exit
    entry.o(.ARM.Collect$$$$00000000) refers (Special) to entry7b.o(.ARM.Collect$$$$00000008) for _main_clock
    entry.o(.ARM.Collect$$$$00000000) refers (Special) to entry8b.o(.ARM.Collect$$$$0000000A) for _main_cpp_init
    entry.o(.ARM.Collect$$$$00000000) refers (Special) to entry9a.o(.ARM.Collect$$$$0000000B) for _main_init
    entry.o(.ARM.Collect$$$$00000000) refers (Special) to entry5.o(.ARM.Collect$$$$00000004) for _main_scatterload
    entry.o(.ARM.Collect$$$$00000000) refers (Special) to entry2.o(.ARM.Collect$$$$00000001) for _main_stk
    printfb.o(i.__0fprintf$bare) refers to printfb.o(i._printf_core) for _printf_core
[...]
    printfb.o(i.__0vsprintf$bare) refers to printfb.o(i._sputc) for _sputc
    printf0.o(i.__0fprintf$0) refers to printf0.o(i._printf_core) for _printf_core
    printf0.o(i.__0fprintf$0) refers to uart.o(.text) for fputc
    printf0.o(i.__0printf$0) refers to printf0.o(i._printf_core) for _printf_core
    printf0.o(i.__0printf$0) refers to uart.o(.text) for fputc
    printf0.o(i.__0printf$0) refers to stdout.o(.data) for __stdout
    printf0.o(i.__0snprintf$0) refers to printf0.o(i._printf_core) for _printf_core
    printf0.o(i.__0snprintf$0) refers to printf0.o(i._snputc) for _snputc
    printf0.o(i.__0sprintf$0) refers to printf0.o(i._printf_core) for _printf_core
    printf0.o(i.__0sprintf$0) refers to printf0.o(i._sputc) for _sputc
    printf0.o(i.__0vfprintf$0) refers to printf0.o(i._printf_core) for _printf_core
    printf0.o(i.__0vfprintf$0) refers to uart.o(.text) for fputc
    printf0.o(i.__0vprintf$0) refers to printf0.o(i._printf_core) for _printf_core
    printf0.o(i.__0vprintf$0) refers to uart.o(.text) for fputc
    printf0.o(i.__0vprintf$0) refers to stdout.o(.data) for __stdout
    printf0.o(i.__0vsnprintf$0) refers to printf0.o(i._printf_core) for _printf_core
    printf0.o(i.__0vsnprintf$0) refers to printf0.o(i._snputc) for _snputc
    printf0.o(i.__0vsprintf$0) refers to printf0.o(i._printf_core) for _printf_core
    printf0.o(i.__0vsprintf$0) refers to printf0.o(i._sputc) for _sputc
    printf1.o(i.__0fprintf$1) refers to printf1.o(i._printf_core) for _printf_core
    printf1.o(i.__0fprintf$1) refers to uart.o(.text) for fputc
    printf1.o(i.__0printf$1) refers to printf1.o(i._printf_core) for _printf_core
    printf1.o(i.__0printf$1) refers to uart.o(.text) for fputc
    printf1.o(i.__0printf$1) refers to stdout.o(.data) for __stdout
    printf1.o(i.__0snprintf$1) refers to printf1.o(i._printf_core) for _printf_core
    printf1.o(i.__0snprintf$1) refers to printf1.o(i._snputc) for _snputc
    printf1.o(i.__0sprintf$1) refers to printf1.o(i._printf_core) for _printf_core
    printf1.o(i.__0sprintf$1) refers to printf1.o(i._sputc) for _sputc
    printf1.o(i.__0vfprintf$1) refers to printf1.o(i._printf_core) for _printf_core
    printf1.o(i.__0vfprintf$1) refers to uart.o(.text) for fputc
    printf1.o(i.__0vprintf$1) refers to printf1.o(i._printf_core) for _printf_core
    printf1.o(i.__0vprintf$1) refers to uart.o(.text) for fputc
    printf1.o(i.__0vprintf$1) refers to stdout.o(.data) for __stdout
    printf1.o(i.__0vsnprintf$1) refers to printf1.o(i._printf_core) for _printf_core
    printf1.o(i.__0vsnprintf$1) refers to printf1.o(i._snputc) for _snputc
    printf1.o(i.__0vsprintf$1) refers to printf1.o(i._printf_core) for _printf_core
    printf1.o(i.__0vsprintf$1) refers to printf1.o(i._sputc) for _sputc
    printf1.o(i._printf_core) refers to uidiv.o(.text) for __aeabi_uidivmod
    printf2.o(i.__0fprintf$2) refers to printf2.o(i._printf_core) for _printf_core
    printf2.o(i.__0fprintf$2) refers to uart.o(.text) for fputc
    printf2.o(i.__0printf$2) refers to printf2.o(i._printf_core) for _printf_core
    printf2.o(i.__0printf$2) refers to uart.o(.text) for fputc
    printf2.o(i.__0printf$2) refers to stdout.o(.data) for __stdout
    printf2.o(i.__0snprintf$2) refers to printf2.o(i._printf_core) for _printf_core
    printf2.o(i.__0snprintf$2) refers to printf2.o(i._snputc) for _snputc
    printf2.o(i.__0sprintf$2) refers to printf2.o(i._printf_core) for _printf_core
    printf2.o(i.__0sprintf$2) refers to printf2.o(i._sputc) for _sputc
    printf2.o(i.__0vfprintf$2) refers to printf2.o(i._printf_core) for _printf_core
    printf2.o(i.__0vfprintf$2) refers to uart.o(.text) for fputc
    printf2.o(i.__0vprintf$2) refers to printf2.o(i._printf_core) for _printf_core
    printf2.o(i.__0vprintf$2) refers to uart.o(.text) for fputc
    printf2.o(i.__0vprintf$2) refers to stdout.o(.data) for __stdout
    printf2.o(i.__0vsnprintf$2) refers to printf2.o(i._printf_core) for _printf_core
    printf2.o(i.__0vsnprintf$2) refers to printf2.o(i._snputc) for _snputc
    printf2.o(i.__0vsprintf$2) refers to printf2.o(i._printf_core) for _printf_core
    printf2.o(i.__0vsprintf$2) refers to printf2.o(i._sputc) for _sputc
    printf3.o(i.__0fprintf$3) refers to printf3.o(i._printf_core) for _printf_core
    printf3.o(i.__0fprintf$3) refers to uart.o(.text) for fputc
    printf3.o(i.__0printf$3) refers to printf3.o(i._printf_core) for _printf_core
    printf3.o(i.__0printf$3) refers to uart.o(.text) for fputc
    printf3.o(i.__0printf$3) refers to stdout.o(.data) for __stdout
    printf3.o(i.__0snprintf$3) refers to printf3.o(i._printf_core) for _printf_core
    printf3.o(i.__0snprintf$3) refers to printf3.o(i._snputc) for _snputc
    printf3.o(i.__0sprintf$3) refers to printf3.o(i._printf_core) for _printf_core
    printf3.o(i.__0sprintf$3) refers to printf3.o(i._sputc) for _sputc
    printf3.o(i.__0vfprintf$3) refers to printf3.o(i._printf_core) for _printf_core
    printf3.o(i.__0vfprintf$3) refers to uart.o(.text) for fputc
    printf3.o(i.__0vprintf$3) refers to printf3.o(i._printf_core) for _printf_core
    printf3.o(i.__0vprintf$3) refers to uart.o(.text) for fputc
    printf3.o(i.__0vprintf$3) refers to stdout.o(.data) for __stdout
    printf3.o(i.__0vsnprintf$3) refers to printf3.o(i._printf_core) for _printf_core
    printf3.o(i.__0vsnprintf$3) refers to printf3.o(i._snputc) for _snputc
    printf3.o(i.__0vsprintf$3) refers to printf3.o(i._printf_core) for _printf_core
    printf3.o(i.__0vsprintf$3) refers to printf3.o(i._sputc) for _sputc
    printf3.o(i._printf_core) refers to uidiv.o(.text) for __aeabi_uidivmod
    printf4.o(i.__0fprintf$4) refers to printf4.o(i._printf_core) for _printf_core
    printf4.o(i.__0fprintf$4) refers to uart.o(.text) for fputc
    printf4.o(i.__0printf$4) refers to printf4.o(i._printf_core) for _printf_core
    printf4.o(i.__0printf$4) refers to uart.o(.text) for fputc
    printf4.o(i.__0printf$4) refers to stdout.o(.data) for __stdout
    printf4.o(i.__0snprintf$4) refers to printf4.o(i._printf_core) for _printf_core
    printf4.o(i.__0snprintf$4) refers to printf4.o(i._snputc) for _snputc
    printf4.o(i.__0sprintf$4) refers to printf4.o(i._printf_core) for _printf_core
    printf4.o(i.__0sprintf$4) refers to printf4.o(i._sputc) for _sputc
    printf4.o(i.__0vfprintf$4) refers to printf4.o(i._printf_core) for _printf_core
    printf4.o(i.__0vfprintf$4) refers to uart.o(.text) for fputc
    printf4.o(i.__0vprintf$4) refers to printf4.o(i._printf_core) for _printf_core
    printf4.o(i.__0vprintf$4) refers to uart.o(.text) for fputc
    printf4.o(i.__0vprintf$4) refers to stdout.o(.data) for __stdout
    printf4.o(i.__0vsnprintf$4) refers to printf4.o(i._printf_core) for _printf_core
    printf4.o(i.__0vsnprintf$4) refers to printf4.o(i._snputc) for _snputc
    printf4.o(i.__0vsprintf$4) refers to printf4.o(i._printf_core) for _printf_core
    printf4.o(i.__0vsprintf$4) refers to printf4.o(i._sputc) for _sputc
    printf4.o(i._printf_core) refers to uldiv.o(.text) for __aeabi_uldivmod
    printf5.o(i.__0fprintf$5) refers to printf5.o(i._printf_core) for _printf_core
    printf5.o(i.__0fprintf$5) refers to uart.o(.text) for fputc
    printf5.o(i.__0printf$5) refers to printf5.o(i._printf_core) for _printf_core
    printf5.o(i.__0printf$5) refers to uart.o(.text) for fputc
    printf5.o(i.__0printf$5) refers to stdout.o(.data) for __stdout
    printf5.o(i.__0snprintf$5) refers to printf5.o(i._printf_core) for _printf_core
    printf5.o(i.__0snprintf$5) refers to printf5.o(i._snputc) for _snputc
    printf5.o(i.__0sprintf$5) refers to printf5.o(i._printf_core) for _printf_core
    printf5.o(i.__0sprintf$5) refers to printf5.o(i._sputc) for _sputc
    printf5.o(i.__0vfprintf$5) refers to printf5.o(i._printf_core) for _printf_core
    printf5.o(i.__0vfprintf$5) refers to uart.o(.text) for fputc
    printf5.o(i.__0vprintf$5) refers to printf5.o(i._printf_core) for _printf_core
    printf5.o(i.__0vprintf$5) refers to uart.o(.text) for fputc
    printf5.o(i.__0vprintf$5) refers to stdout.o(.data) for __stdout
    printf5.o(i.__0vsnprintf$5) refers to printf5.o(i._printf_core) for _printf_core
    printf5.o(i.__0vsnprintf$5) refers to printf5.o(i._snputc) for _snputc
    printf5.o(i.__0vsprintf$5) refers to printf5.o(i._printf_core) for _printf_core
    printf5.o(i.__0vsprintf$5) refers to printf5.o(i._sputc) for _sputc
    printf5.o(i._printf_core) refers to uldiv.o(.text) for __aeabi_uldivmod
    printf6.o(i.__0fprintf$6) refers to printf6.o(i._printf_core) for _printf_core
    printf6.o(i.__0fprintf$6) refers to uart.o(.text) for fputc
    printf6.o(i.__0printf$6) refers to printf6.o(i._printf_core) for _printf_core
    printf6.o(i.__0printf$6) refers to uart.o(.text) for fputc
    printf6.o(i.__0printf$6) refers to stdout.o(.data) for __stdout
    printf6.o(i.__0snprintf$6) refers to printf6.o(i._printf_core) for _printf_core
    printf6.o(i.__0snprintf$6) refers to printf6.o(i._snputc) for _snputc
    printf6.o(i.__0sprintf$6) refers to printf6.o(i._printf_core) for _printf_core
    printf6.o(i.__0sprintf$6) refers to printf6.o(i._sputc) for _sputc
    printf6.o(i.__0vfprintf$6) refers to printf6.o(i._printf_core) for _printf_core
    printf6.o(i.__0vfprintf$6) refers to uart.o(.text) for fputc
    printf6.o(i.__0vprintf$6) refers to printf6.o(i._printf_core) for _printf_core
    printf6.o(i.__0vprintf$6) refers to uart.o(.text) for fputc
    printf6.o(i.__0vprintf$6) refers to stdout.o(.data) for __stdout
    printf6.o(i.__0vsnprintf$6) refers to printf6.o(i._printf_core) for _printf_core
    printf6.o(i.__0vsnprintf$6) refers to printf6.o(i._snputc) for _snputc
    printf6.o(i.__0vsprintf$6) refers to printf6.o(i._printf_core) for _printf_core
    printf6.o(i.__0vsprintf$6) refers to printf6.o(i._sputc) for _sputc
    printf6.o(i._printf_core) refers to printf6.o(i._printf_pre_padding) for _printf_pre_padding
    printf6.o(i._printf_core) refers to uidiv.o(.text) for __aeabi_uidivmod
    printf6.o(i._printf_core) refers to printf6.o(i._printf_post_padding) for _printf_post_padding
    printf7.o(i.__0fprintf$7) refers to printf7.o(i._printf_core) for _printf_core
    printf7.o(i.__0fprintf$7) refers to uart.o(.text) for fputc
    printf7.o(i.__0printf$7) refers to printf7.o(i._printf_core) for _printf_core
    printf7.o(i.__0printf$7) refers to uart.o(.text) for fputc
    printf7.o(i.__0printf$7) refers to stdout.o(.data) for __stdout
    printf7.o(i.__0snprintf$7) refers to printf7.o(i._printf_core) for _printf_core
    printf7.o(i.__0snprintf$7) refers to printf7.o(i._snputc) for _snputc
    printf7.o(i.__0sprintf$7) refers to printf7.o(i._printf_core) for _printf_core
    printf7.o(i.__0sprintf$7) refers to printf7.o(i._sputc) for _sputc
    printf7.o(i.__0vfprintf$7) refers to printf7.o(i._printf_core) for _printf_core
    printf7.o(i.__0vfprintf$7) refers to uart.o(.text) for fputc
    printf7.o(i.__0vprintf$7) refers to printf7.o(i._printf_core) for _printf_core
    printf7.o(i.__0vprintf$7) refers to uart.o(.text) for fputc
    printf7.o(i.__0vprintf$7) refers to stdout.o(.data) for __stdout
    printf7.o(i.__0vsnprintf$7) refers to printf7.o(i._printf_core) for _printf_core
    printf7.o(i.__0vsnprintf$7) refers to printf7.o(i._snputc) for _snputc
    printf7.o(i.__0vsprintf$7) refers to printf7.o(i._printf_core) for _printf_core
    printf7.o(i.__0vsprintf$7) refers to printf7.o(i._sputc) for _sputc
    printf7.o(i._printf_core) refers to printf7.o(i._printf_pre_padding) for _printf_pre_padding
    printf7.o(i._printf_core) refers to uldiv.o(.text) for __aeabi_uldivmod
    printf7.o(i._printf_core) refers to printf7.o(i._printf_post_padding) for _printf_post_padding
    printf8.o(i.__0fprintf$8) refers to printf8.o(i._printf_core) for _printf_core
    printf8.o(i.__0fprintf$8) refers to uart.o(.text) for fputc
    printf8.o(i.__0printf$8) refers to printf8.o(i._printf_core) for _printf_core
    printf8.o(i.__0printf$8) refers to uart.o(.text) for fputc
    printf8.o(i.__0printf$8) refers to stdout.o(.data) for __stdout
    printf8.o(i.__0snprintf$8) refers to printf8.o(i._printf_core) for _printf_core
    printf8.o(i.__0snprintf$8) refers to printf8.o(i._snputc) for _snputc
    printf8.o(i.__0sprintf$8) refers to printf8.o(i._printf_core) for _printf_core
    printf8.o(i.__0sprintf$8) refers to printf8.o(i._sputc) for _sputc
    printf8.o(i.__0vfprintf$8) refers to printf8.o(i._printf_core) for _printf_core
    printf8.o(i.__0vfprintf$8) refers to uart.o(.text) for fputc
    printf8.o(i.__0vprintf$8) refers to printf8.o(i._printf_core) for _printf_core
    printf8.o(i.__0vprintf$8) refers to uart.o(.text) for fputc
    printf8.o(i.__0vprintf$8) refers to stdout.o(.data) for __stdout
    printf8.o(i.__0vsnprintf$8) refers to printf8.o(i._printf_core) for _printf_core
    printf8.o(i.__0vsnprintf$8) refers to printf8.o(i._snputc) for _snputc
    printf8.o(i.__0vsprintf$8) refers to printf8.o(i._printf_core) for _printf_core
    printf8.o(i.__0vsprintf$8) refers to printf8.o(i._sputc) for _sputc
    printf8.o(i._printf_core) refers to printf8.o(i._printf_pre_padding) for _printf_pre_padding
    printf8.o(i._printf_core) refers to uldiv.o(.text) for __aeabi_uldivmod
    printf8.o(i._printf_core) refers to printf8.o(i._printf_post_padding) for _printf_post_padding
    printfa.o(i.__0fprintf) refers (Special) to iusefp.o(.text) for __I$use$fp
    printfa.o(i.__0fprintf) refers to printfa.o(i._printf_core) for _printf_core
    printfa.o(i.__0fprintf) refers to uart.o(.text) for fputc
    printfa.o(i.__0printf) refers (Special) to iusefp.o(.text) for __I$use$fp
    printfa.o(i.__0printf) refers to printfa.o(i._printf_core) for _printf_core
    printfa.o(i.__0printf) refers to uart.o(.text) for fputc
    printfa.o(i.__0printf) refers to stdout.o(.data) for __stdout
    printfa.o(i.__0snprintf) refers (Special) to iusefp.o(.text) for __I$use$fp
    printfa.o(i.__0snprintf) refers to printfa.o(i._printf_core) for _printf_core
    printfa.o(i.__0snprintf) refers to printfa.o(i._snputc) for _snputc
    printfa.o(i.__0sprintf) refers (Special) to iusefp.o(.text) for __I$use$fp
    printfa.o(i.__0sprintf) refers to printfa.o(i._printf_core) for _printf_core
    printfa.o(i.__0sprintf) refers to printfa.o(i._sputc) for _sputc
    printfa.o(i.__0vfprintf) refers (Special) to iusefp.o(.text) for __I$use$fp
    printfa.o(i.__0vfprintf) refers to printfa.o(i._printf_core) for _printf_core
    printfa.o(i.__0vfprintf) refers to uart.o(.text) for fputc
    printfa.o(i.__0vprintf) refers (Special) to iusefp.o(.text) for __I$use$fp
    printfa.o(i.__0vprintf) refers to printfa.o(i._printf_core) for _printf_core
    printfa.o(i.__0vprintf) refers to uart.o(.text) for fputc
    printfa.o(i.__0vprintf) refers to stdout.o(.data) for __stdout
    printfa.o(i.__0vsnprintf) refers (Special) to iusefp.o(.text) for __I$use$fp
    printfa.o(i.__0vsnprintf) refers to printfa.o(i._printf_core) for _printf_core
    printfa.o(i.__0vsnprintf) refers to printfa.o(i._snputc) for _snputc
    printfa.o(i.__0vsprintf) refers (Special) to iusefp.o(.text) for __I$use$fp
    printfa.o(i.__0vsprintf) refers to printfa.o(i._printf_core) for _printf_core
    printfa.o(i.__0vsprintf) refers to printfa.o(i._sputc) for _sputc
    printfa.o(i._fp_digits) refers (Special) to iusefp.o(.text) for __I$use$fp
    printfa.o(i._fp_digits) refers to dmul.o(.text) for __aeabi_dmul
    printfa.o(i._fp_digits) refers to ddiv.o(.text) for __aeabi_ddiv
    printfa.o(i._fp_digits) refers to cdrcmple.o(.text) for __aeabi_cdrcmple
    printfa.o(i._fp_digits) refers to dadd.o(.text) for __aeabi_dadd
    printfa.o(i._fp_digits) refers to dfixul.o(.text) for __aeabi_d2ulz
    printfa.o(i._fp_digits) refers to uldiv.o(.text) for __aeabi_uldivmod
    printfa.o(i._printf_core) refers (Special) to iusefp.o(.text) for __I$use$fp
    printfa.o(i._printf_core) refers to printfa.o(i._printf_pre_padding) for _printf_pre_padding
    printfa.o(i._printf_core) refers to uldiv.o(.text) for __aeabi_uldivmod
    printfa.o(i._printf_core) refers to printfa.o(i._printf_post_padding) for _printf_post_padding
    printfa.o(i._printf_core) refers to printfa.o(i._fp_digits) for _fp_digits
    printfa.o(i._printf_core) refers to uidiv.o(.text) for __aeabi_uidivmod
    printfa.o(i._printf_post_padding) refers (Special) to iusefp.o(.text) for __I$use$fp
    printfa.o(i._printf_pre_padding) refers (Special) to iusefp.o(.text) for __I$use$fp
    printfa.o(i._snputc) refers (Special) to iusefp.o(.text) for __I$use$fp
    printfa.o(i._sputc) refers (Special) to iusefp.o(.text) for __I$use$fp
    errno.o(i.__aeabi_errno_addr) refers to errno.o(.data) for .data
    errno.o(i.__read_errno) refers to errno.o(.data) for .data
    errno.o(i.__set_errno) refers to errno.o(.data) for .data
    __0scanf.o(.text) refers to scanf_char_file.o(.text) for __vfscanf_char_file
    __0scanf.o(.text) refers to stdin.o(.data) for __stdin
    dfltui.o(.text) refers (Special) to iusefp.o(.text) for __I$use$fp
    dfltui.o(.text) refers to depilogue.o(.text) for _double_epilogue
    f2d.o(.text) refers (Special) to iusefp.o(.text) for __I$use$fp
    cdcmple.o(.text) refers (Special) to iusefp.o(.text) for __I$use$fp
    cdrcmple.o(.text) refers (Special) to iusefp.o(.text) for __I$use$fp
    entry2.o(.ARM.Collect$$$$00000001) refers to entry2.o(.ARM.Collect$$$$00002712) for __lit__00000000
    entry2.o(.ARM.Collect$$$$00002712) refers to startup_tm4c123.o(STACK) for __initial_sp
    entry2.o(__vectab_stack_and_reset_area) refers to startup_tm4c123.o(STACK) for __initial_sp
    entry2.o(__vectab_stack_and_reset_area) refers to entry.o(.ARM.Collect$$$$00000000) for __main
    entry5.o(.ARM.Collect$$$$00000004) refers to init.o(.text) for __scatterload
    entry9a.o(.ARM.Collect$$$$0000000B) refers to main.o(.text) for main
    entry9b.o(.ARM.Collect$$$$0000000C) refers to main.o(.text) for main
    uldiv.o(.text) refers to llushr.o(.text) for __aeabi_llsr
    uldiv.o(.text) refers to llshl.o(.text) for __aeabi_llsl
    scanf_char_file.o(.text) refers to scanf_char.o(.text) for __vfscanf_char
    scanf_char_file.o(.text) refers to uart.o(.text) for fgetc
    scanf_char_file.o(.text) refers to fgetc_b.o(.text) for __backspace
    depilogue.o(.text) refers to llshl.o(.text) for __aeabi_llsl
    depilogue.o(.text) refers to llushr.o(.text) for __aeabi_llsr
    dadd.o(.text) refers to llshl.o(.text) for __aeabi_llsl
    dadd.o(.text) refers to llsshr.o(.text) for __aeabi_lasr
    dadd.o(.text) refers to depilogue.o(.text) for _double_epilogue
    dmul.o(.text) refers to depilogue.o(.text) for _double_epilogue
    ddiv.o(.text) refers to depilogue.o(.text) for _double_round
    dfixul.o(.text) refers to llushr.o(.text) for __aeabi_llsr
    dfixul.o(.text) refers to llshl.o(.text) for __aeabi_llsl
    init.o(.text) refers to entry5.o(.ARM.Collect$$$$00000004) for __main_after_scatterload
    fgetc_b.o(.text) refers (Special) to iusesemig.o(.text) for __I$use$semihosting$fgetc
    fgetc_b.o(.text) refers (Special) to semi.o(.text) for __semihosting_library_function
    fgetc_b.o(.text) refers to fgetc_b.o(.data) for .data
    fgetc_b.o(.data) refers (Special) to iusesemig.o(.text) for __I$use$semihosting$fgetc
    fgetc_b.o(.data) refers (Special) to semi.o(.text) for __semihosting_library_function
    scanf_char.o(.text) refers to _scanf.o(.text) for __vfscanf
    scanf_char.o(.text) refers to isspace_c.o(.text) for isspace
    isspace_c.o(.text) refers to ctype_c.o(.text) for __ctype_lookup
    _scanf.o(.text) refers (Weak) to _scanf_str.o(.text) for _scanf_string
    ctype_c.o(.text) refers to ctype_c.o(.constdata) for .constdata


==============================================================================

Removing Unused input sections from the image.

    Removing main.o(.rev16_text), (4 bytes).
    Removing main.o(.revsh_text), (4 bytes).
    Removing interrupts.o(.rev16_text), (4 bytes).
    Removing interrupts.o(.revsh_text), (4 bytes).
    Removing boardutil.o(.rev16_text), (4 bytes).
    Removing boardutil.o(.revsh_text), (4 bytes).
    Removing game.o(.rev16_text), (4 bytes).
    Removing game.o(.revsh_text), (4 bytes).
    Removing adc.o(.rev16_text), (4 bytes).
    Removing adc.o(.revsh_text), (4 bytes).
    Removing eeprom.o(.rev16_text), (4 bytes).
    Removing eeprom.o(.revsh_text), (4 bytes).
    Removing gpioport.o(.rev16_text), (4 bytes).
    Removing gpioport.o(.revsh_text), (4 bytes).
    Removing i2c.o(.rev16_text), (4 bytes).
    Removing i2c.o(.revsh_text), (4 bytes).
    Removing io_expander.o(.rev16_text), (4 bytes).
    Removing io_expander.o(.revsh_text), (4 bytes).
    Removing io_expander.o(.text), (146 bytes).
    Removing ledmatrixchars.o(.rev16_text), (4 bytes).
    Removing ledmatrixchars.o(.revsh_text), (4 bytes).
    Removing ledmatrixchars.o(.constdata), (80 bytes).
    Removing spi.o(.rev16_text), (4 bytes).
    Removing spi.o(.revsh_text), (4 bytes).
    Removing timer0.o(.rev16_text), (4 bytes).
    Removing timer0.o(.revsh_text), (4 bytes).
    Removing uart.o(.rev16_text), (4 bytes).
    Removing uart.o(.revsh_text), (4 bytes).
    Removing wireless.o(.rev16_text), (4 bytes).
    Removing wireless.o(.revsh_text), (4 bytes).
    Removing lcd.o(.rev16_text), (4 bytes).
    Removing lcd.o(.revsh_text), (4 bytes).
    Removing lcd.o(.constdata), (394 bytes).
    Removing watchdog0.o(.rev16_text), (4 bytes).
    Removing watchdog0.o(.revsh_text), (4 bytes).
    Removing startup_tm4c123.o(HEAP), (0 bytes).
    Removing system_tm4c123.o(.rev16_text), (4 bytes).
    Removing system_tm4c123.o(.revsh_text), (4 bytes).

38 unused section(s) (total 756 bytes) removed from the image.

==============================================================================

Image Symbol Table

    Local Symbols

    Symbol Name                              Value     Ov Type        Size  Object(Section)

    RESET                                    0x00000000   Section      620  startup_tm4c123.o(RESET)
    ../clib/../cmprslib/lz77c.c              0x00000000   Number         0  __dclz77c.o ABSOLUTE
    ../clib/microlib/ctype/ctype.c           0x00000000   Number         0  isspace_c.o ABSOLUTE
    ../clib/microlib/ctype/ctype.c           0x00000000   Number         0  ctype_c.o ABSOLUTE
    ../clib/microlib/division.c              0x00000000   Number         0  uidiv.o ABSOLUTE
    ../clib/microlib/division.c              0x00000000   Number         0  uldiv.o ABSOLUTE
    ../clib/microlib/errno.c                 0x00000000   Number         0  errno.o ABSOLUTE
    ../clib/microlib/init/entry.s            0x00000000   Number         0  entry10b.o ABSOLUTE
    ../clib/microlib/init/entry.s            0x00000000   Number         0  entry2.o ABSOLUTE
    ../clib/microlib/init/entry.s            0x00000000   Number         0  entry5.o ABSOLUTE
    ../clib/microlib/init/entry.s            0x00000000   Number         0  entry7a.o ABSOLUTE
    ../clib/microlib/init/entry.s            0x00000000   Number         0  entry7b.o ABSOLUTE
    ../clib/microlib/init/entry.s            0x00000000   Number         0  entry8a.o ABSOLUTE
    ../clib/microlib/init/entry.s            0x00000000   Number         0  entry10a.o ABSOLUTE
    ../clib/microlib/init/entry.s            0x00000000   Number         0  entry11b.o ABSOLUTE
    ../clib/microlib/init/entry.s            0x00000000   Number         0  entry8b.o ABSOLUTE
    ../clib/microlib/init/entry.s            0x00000000   Number         0  entry9a.o ABSOLUTE
    ../clib/microlib/init/entry.s            0x00000000   Number         0  entry9b.o ABSOLUTE
    ../clib/microlib/init/entry.s            0x00000000   Number         0  entry11a.o ABSOLUTE
    ../clib/microlib/init/entry.s            0x00000000   Number         0  entry.o ABSOLUTE
    ../clib/microlib/longlong.c              0x00000000   Number         0  llsshr.o ABSOLUTE
    ../clib/microlib/longlong.c              0x00000000   Number         0  llushr.o ABSOLUTE
    ../clib/microlib/longlong.c              0x00000000   Number         0  llshl.o ABSOLUTE
    ../clib/microlib/printf/printf.c         0x00000000   Number         0  printf7.o ABSOLUTE
    ../clib/microlib/printf/printf.c         0x00000000   Number         0  printf5.o ABSOLUTE
    ../clib/microlib/printf/printf.c         0x00000000   Number         0  printfb.o ABSOLUTE
    ../clib/microlib/printf/printf.c         0x00000000   Number         0  printf4.o ABSOLUTE
    ../clib/microlib/printf/printf.c         0x00000000   Number         0  printf6.o ABSOLUTE
    ../clib/microlib/printf/printf.c         0x00000000   Number         0  printf3.o ABSOLUTE
    ../clib/microlib/printf/printf.c         0x00000000   Number         0  printf1.o ABSOLUTE
    ../clib/microlib/printf/printf.c         0x00000000   Number         0  printf2.o ABSOLUTE
    ../clib/microlib/printf/printf.c         0x00000000   Number         0  printfa.o ABSOLUTE
    ../clib/microlib/printf/printf.c         0x00000000   Number         0  printf8.o ABSOLUTE
    ../clib/microlib/printf/printf.c         0x00000000   Number         0  printf0.o ABSOLUTE
    ../clib/microlib/printf/stubs.s          0x00000000   Number         0  stubs.o ABSOLUTE
    ../clib/microlib/stdio/fgetc.c           0x00000000   Number         0  fgetc_b.o ABSOLUTE
    ../clib/microlib/stdio/semi.s            0x00000000   Number         0  semi.o ABSOLUTE
    ../clib/microlib/stdio/streams.c         0x00000000   Number         0  stdin.o ABSOLUTE
    ../clib/microlib/stdio/streams.c         0x00000000   Number         0  stdout.o ABSOLUTE
    ../clib/microlib/string/memcpy.c         0x00000000   Number         0  memcpya.o ABSOLUTE
    ../clib/microlib/string/memcpy.c         0x00000000   Number         0  memcpyb.o ABSOLUTE
    ../clib/microlib/string/memset.c         0x00000000   Number         0  memseta.o ABSOLUTE
    ../clib/microlib/stubs.s                 0x00000000   Number         0  iusefp.o ABSOLUTE
    ../clib/microlib/stubs.s                 0x00000000   Number         0  iusesemig.o ABSOLUTE
    ../clib/scanf.c                          0x00000000   Number         0  scanf_char.o ABSOLUTE
    ../clib/scanf.c                          0x00000000   Number         0  __0scanf.o ABSOLUTE
    ../clib/scanf.c                          0x00000000   Number         0  scanf_char_file.o ABSOLUTE
    ../clib/scanf.c                          0x00000000   Number         0  _scanf.o ABSOLUTE
    ../clib/scanf.c                          0x00000000   Number         0  _scanf_str.o ABSOLUTE
    ../fplib/microlib/f2d.c                  0x00000000   Number         0  f2d.o ABSOLUTE
    ../fplib/microlib/fpadd.c                0x00000000   Number         0  dadd.o ABSOLUTE
    ../fplib/microlib/fpdiv.c                0x00000000   Number         0  ddiv.o ABSOLUTE
    ../fplib/microlib/fpepilogue.c           0x00000000   Number         0  depilogue.o ABSOLUTE
    ../fplib/microlib/fpfix.c                0x00000000   Number         0  dfixul.o ABSOLUTE
    ../fplib/microlib/fpflt.c                0x00000000   Number         0  dfltui.o ABSOLUTE
    ../fplib/microlib/fpmul.c                0x00000000   Number         0  dmul.o ABSOLUTE
    ..\\drivers\\adc.c                       0x00000000   Number         0  adc.o ABSOLUTE
    ..\\drivers\\eeprom.c                    0x00000000   Number         0  eeprom.o ABSOLUTE
    ..\\drivers\\gpioPort.c                  0x00000000   Number         0  gpioport.o ABSOLUTE
    ..\\drivers\\i2c.c                       0x00000000   Number         0  i2c.o ABSOLUTE
    ..\\drivers\\io_expander.c               0x00000000   Number         0  io_expander.o ABSOLUTE
    ..\\drivers\\lcd.c                       0x00000000   Number         0  lcd.o ABSOLUTE
    ..\\drivers\\ledMatrixChars.c            0x00000000   Number         0  ledmatrixchars.o ABSOLUTE
    ..\\drivers\\spi.c                       0x00000000   Number         0  spi.o ABSOLUTE
    ..\\drivers\\timer0.c                    0x00000000   Number         0  timer0.o ABSOLUTE
    ..\\drivers\\uart.c                      0x00000000   Number         0  uart.o ABSOLUTE
    ..\\drivers\\watchdog0.c                 0x00000000   Number         0  watchdog0.o ABSOLUTE
    ..\\drivers\\wireless.c                  0x00000000   Number         0  wireless.o ABSOLUTE
    ..\drivers\adc.c                         0x00000000   Number         0  adc.o ABSOLUTE
    ..\drivers\eeprom.c                      0x00000000   Number         0  eeprom.o ABSOLUTE
    ..\drivers\fonts.c                       0x00000000   Number         0  fonts.o ABSOLUTE
    ..\drivers\gpioPort.c                    0x00000000   Number         0  gpioport.o ABSOLUTE
    ..\drivers\i2c.c                         0x00000000   Number         0  i2c.o ABSOLUTE
    ..\drivers\io_expander.c                 0x00000000   Number         0  io_expander.o ABSOLUTE
    ..\drivers\lcd.c                         0x00000000   Number         0  lcd.o ABSOLUTE
    ..\drivers\ledMatrixChars.c              0x00000000   Number         0  ledmatrixchars.o ABSOLUTE
    ..\drivers\pc_buffer.c                   0x00000000   Number         0  pc_buffer.o ABSOLUTE
    ..\drivers\spi.c                         0x00000000   Number         0  spi.o ABSOLUTE
    ..\drivers\timer0.c                      0x00000000   Number         0  timer0.o ABSOLUTE
    ..\drivers\uart.c                        0x00000000   Number         0  uart.o ABSOLUTE
    ..\drivers\watchdog0.c                   0x00000000   Number         0  watchdog0.o ABSOLUTE
    ..\drivers\wireless.c                    0x00000000   Number         0  wireless.o ABSOLUTE
    RTE\Device\TM4C123GH6PM\startup_TM4C123.s 0x00000000   Number         0  startup_tm4c123.o ABSOLUTE
    RTE\Device\TM4C123GH6PM\system_TM4C123.c 0x00000000   Number         0  system_tm4c123.o ABSOLUTE
    RTE\\Device\\TM4C123GH6PM\\system_TM4C123.c 0x00000000   Number         0  system_tm4c123.o ABSOLUTE
    boardUtil.c                              0x00000000   Number         0  boardutil.o ABSOLUTE
    boardUtil.c                              0x00000000   Number         0  boardutil.o ABSOLUTE
    cdcmple.s                                0x00000000   Number         0  cdcmple.o ABSOLUTE
    cdrcmple.s                               0x00000000   Number         0  cdrcmple.o ABSOLUTE
    dc.s                                     0x00000000   Number         0  dc.o ABSOLUTE
    game.c                                   0x00000000   Number         0  game.o ABSOLUTE
    game.c                                   0x00000000   Number         0  game.o ABSOLUTE
    handlers.s                               0x00000000   Number         0  handlers.o ABSOLUTE
    init.s                                   0x00000000   Number         0  init.o ABSOLUTE
    interrupts.c                             0x00000000   Number         0  interrupts.o ABSOLUTE
    interrupts.c                             0x00000000   Number         0  interrupts.o ABSOLUTE
    main.c                                   0x00000000   Number         0  main.o ABSOLUTE
    main.c                                   0x00000000   Number         0  main.o ABSOLUTE
    .ARM.Collect$$$$00000000                 0x0000026c   Section        0  entry.o(.ARM.Collect$$$$00000000)
    .ARM.Collect$$$$00000001                 0x0000026c   Section        4  entry2.o(.ARM.Collect$$$$00000001)
    .ARM.Collect$$$$00000004                 0x00000270   Section        4  entry5.o(.ARM.Collect$$$$00000004)
    .ARM.Collect$$$$00000008                 0x00000274   Section        0  entry7b.o(.ARM.Collect$$$$00000008)
    .ARM.Collect$$$$0000000A                 0x00000274   Section        0  entry8b.o(.ARM.Collect$$$$0000000A)
    .ARM.Collect$$$$0000000B                 0x00000274   Section        8  entry9a.o(.ARM.Collect$$$$0000000B)
    .ARM.Collect$$$$0000000D                 0x0000027c   Section        0  entry10a.o(.ARM.Collect$$$$0000000D)
    .ARM.Collect$$$$0000000F                 0x0000027c   Section        0  entry11a.o(.ARM.Collect$$$$0000000F)
    .ARM.Collect$$$$00002712                 0x0000027c   Section        4  entry2.o(.ARM.Collect$$$$00002712)
    __lit__00000000                          0x0000027c   Data           4  entry2.o(.ARM.Collect$$$$00002712)
    .text                                    0x00000280   Section        0  main.o(.text)
    .text                                    0x00000d64   Section        0  interrupts.o(.text)
    .text                                    0x0000109c   Section        0  boardutil.o(.text)
    .text                                    0x00001640   Section        0  game.o(.text)
    .text                                    0x00001a08   Section        0  adc.o(.text)
    .text                                    0x00001ab0   Section        0  eeprom.o(.text)
    eeprom_wait_for_write                    0x00001ab1   Thumb Code    66  eeprom.o(.text)
    .text                                    0x00001b88   Section        0  gpioport.o(.text)
    verifyBaseAddr                           0x00001b89   Thumb Code    64  gpioport.o(.text)
    .text                                    0x00001e18   Section        0  i2c.o(.text)
    .text                                    0x00002020   Section        0  pc_buffer.o(.text)
    .text                                    0x0000208c   Section        0  spi.o(.text)
    .text                                    0x0000221c   Section        0  timer0.o(.text)
    NVIC_SetPriority                         0x0000221d   Thumb Code    32  timer0.o(.text)
    NVIC_EnableIRQ                           0x00002349   Thumb Code    22  timer0.o(.text)
    .text                                    0x00002378   Section        0  uart.o(.text)
    .text                                    0x000024f8   Section        0  wireless.o(.text)
    wireless_reg_read                        0x0000251f   Thumb Code    50  wireless.o(.text)
    wireless_reg_write                       0x00002551   Thumb Code    46  wireless.o(.text)
    wireless_rx_data_payload                 0x0000257f   Thumb Code    88  wireless.o(.text)
    wireless_set_rx_addr                     0x000025d7   Thumb Code   120  wireless.o(.text)
    wireless_flush_tx_fifo                   0x0000264f   Thumb Code    30  wireless.o(.text)
    wireless_get_status                      0x0000266d   Thumb Code    34  wireless.o(.text)
    wireless_CSN_low                         0x0000293f   Thumb Code    20  wireless.o(.text)
    wireless_CSN_high                        0x00002953   Thumb Code    20  wireless.o(.text)
    wireless_CE_low                          0x00002967   Thumb Code    20  wireless.o(.text)
    wireless_CE_high                         0x0000297b   Thumb Code    20  wireless.o(.text)
    wireless_rx_fifo_empty                   0x0000298f   Thumb Code    24  wireless.o(.text)
    wireless_status_tx_ds_asserted           0x000029a7   Thumb Code    16  wireless.o(.text)
    wireless_status_tx_full_asserted         0x000029b7   Thumb Code    16  wireless.o(.text)
    .text                                    0x000029cc   Section        0  lcd.o(.text)
    dogs102_assert_cmd_mode                  0x00002c0f   Thumb Code    18  lcd.o(.text)
    dogs102_deassert_cmd_mode                0x00002c21   Thumb Code    18  lcd.o(.text)
    .text                                    0x00002c48   Section        0  watchdog0.o(.text)
    .text                                    0x00002cd4   Section      252  startup_tm4c123.o(.text)
    $v0                                      0x00002cd4   Number         0  startup_tm4c123.o(.text)
    .text                                    0x00002dd0   Section        0  system_tm4c123.o(.text)
    getOscClk                                0x00002dd1   Thumb Code   182  system_tm4c123.o(.text)
    .text                                    0x00003020   Section        0  memcpya.o(.text)
    .text                                    0x00003044   Section        0  memseta.o(.text)
    .text                                    0x00003068   Section        0  __0scanf.o(.text)
    .text                                    0x00003088   Section        0  _scanf_str.o(.text)
    .text                                    0x00003162   Section        0  dfltui.o(.text)
    .text                                    0x0000317c   Section        0  f2d.o(.text)
    .text                                    0x000031a4   Section       40  cdcmple.o(.text)
    .text                                    0x000031cc   Section       40  cdrcmple.o(.text)
    .text                                    0x000031f4   Section        0  uidiv.o(.text)
    .text                                    0x00003220   Section        0  uldiv.o(.text)
    .text                                    0x00003284   Section        0  scanf_char_file.o(.text)
    .text                                    0x00003298   Section        0  depilogue.o(.text)
    .text                                    0x00003298   Section        0  iusefp.o(.text)
    .text                                    0x0000334e   Section        0  dadd.o(.text)
    .text                                    0x0000349c   Section        0  dmul.o(.text)
    .text                                    0x00003580   Section        0  ddiv.o(.text)
    .text                                    0x0000365e   Section        0  dfixul.o(.text)
    .text                                    0x00003690   Section       36  init.o(.text)
    .text                                    0x000036b4   Section        0  fgetc_b.o(.text)
    .text                                    0x000036e0   Section        0  llshl.o(.text)
    .text                                    0x000036fe   Section        0  llushr.o(.text)
    .text                                    0x0000371e   Section        0  llsshr.o(.text)
    .text                                    0x00003744   Section        0  scanf_char.o(.text)
    _scanf_char_input                        0x00003745   Thumb Code    12  scanf_char.o(.text)
    .text                                    0x0000376c   Section        0  isspace_c.o(.text)
    .text                                    0x0000376c   Section        0  semi.o(.text)
    .text                                    0x00003778   Section        0  _scanf.o(.text)
    .text                                    0x00003aa0   Section        0  iusesemig.o(.text)
    .text                                    0x00003aa0   Section        0  ctype_c.o(.text)
    .text                                    0x00003ac8   Section        0  __dclz77c.o(.text)
    i.__0printf                              0x00003b28   Section        0  printfa.o(i.__0printf)
    i.__aeabi_errno_addr                     0x00003b48   Section        0  errno.o(i.__aeabi_errno_addr)
    i.__scatterload_copy                     0x00003b50   Section       14  handlers.o(i.__scatterload_copy)
    i.__scatterload_null                     0x00003b5e   Section        2  handlers.o(i.__scatterload_null)
    i.__scatterload_zeroinit                 0x00003b60   Section       14  handlers.o(i.__scatterload_zeroinit)
    i._fp_digits                             0x00003b70   Section        0  printfa.o(i._fp_digits)
    _fp_digits                               0x00003b71   Thumb Code   334  printfa.o(i._fp_digits)
    i._printf_core                           0x00003cd4   Section        0  printfa.o(i._printf_core)
    _printf_core                             0x00003cd5   Thumb Code  1744  printfa.o(i._printf_core)
    i._printf_post_padding                   0x000043b0   Section        0  printfa.o(i._printf_post_padding)
    _printf_post_padding                     0x000043b1   Thumb Code    36  printfa.o(i._printf_post_padding)
    i._printf_pre_padding                    0x000043d4   Section        0  printfa.o(i._printf_pre_padding)
    _printf_pre_padding                      0x000043d5   Thumb Code    46  printfa.o(i._printf_pre_padding)
    .constdata                               0x00004402   Section     4703  fonts.o(.constdata)
    .constdata                               0x00005661   Section       64  ctype_c.o(.constdata)
    .data                                    0x20000000   Section     8788  main.o(.data)
    playSound                                0x200021e8   Data           4  main.o(.data)
    data_r                                   0x20002200   Data           4  main.o(.data)
    .data                                    0x20002254   Section       24  interrupts.o(.data)
    Alert_600msCount                         0x20002254   Data           4  interrupts.o(.data)
    ps2count                                 0x20002258   Data           4  interrupts.o(.data)
    upcount                                  0x2000225c   Data           4  interrupts.o(.data)
    downcount                                0x20002260   Data           4  interrupts.o(.data)
    leftcount                                0x20002264   Data           4  interrupts.o(.data)
    rightcount                               0x20002268   Data           4  interrupts.o(.data)
    .data                                    0x2000226c   Section        4  system_tm4c123.o(.data)
    .data                                    0x20002270   Section        4  stdin.o(.data)
    .data                                    0x20002274   Section        4  stdout.o(.data)
    .data                                    0x20002278   Section        4  errno.o(.data)
    _errno                                   0x20002278   Data           4  errno.o(.data)
    .data                                    0x2000227c   Section        3  fgetc_b.o(.data)
    ungetc_sp                                0x2000227c   Data           1  fgetc_b.o(.data)
    ungetc_stack                             0x2000227d   Data           2  fgetc_b.o(.data)
    .bss                                     0x20002280   Section      320  main.o(.bss)
    read_data                                0x20002370   Data          80  main.o(.bss)
    .bss                                     0x200023c0   Section      192  uart.o(.bss)
    .bss                                     0x20002480   Section       24  wireless.o(.bss)
    STACK                                    0x20002498   Section     4096  startup_tm4c123.o(STACK)

    Global Symbols

    Symbol Name                              Value     Ov Type        Size  Object(Section)

    BuildAttributes$$THM_ISAv4$E$P$D$K$B$S$7EM$VFPi3$EXTD16$VFPS$VFMA$PE$A:L22UL41UL21$X:L11$S22US41US21$IEEE1$IW$USESV6$~STKCKD$USESV7$~SHL$OSPACE$ROPI$EBA8$MICROLIB$REQ8$PRES8$EABIv2 0x00000000   Number         0  anon$$obj.o ABSOLUTE
    __ARM_use_no_argv                        0x00000000   Number         0  main.o ABSOLUTE
    __Vectors                                0x00000000   Data           4  startup_tm4c123.o(RESET)
    _printf_a                                0x00000000   Number         0  stubs.o ABSOLUTE
    _printf_c                                0x00000000   Number         0  stubs.o ABSOLUTE
    _printf_charcount                        0x00000000   Number         0  stubs.o ABSOLUTE
    _printf_d                                0x00000000   Number         0  stubs.o ABSOLUTE
    _printf_e                                0x00000000   Number         0  stubs.o ABSOLUTE
    _printf_f                                0x00000000   Number         0  stubs.o ABSOLUTE
    _printf_flags                            0x00000000   Number         0  stubs.o ABSOLUTE
    _printf_fp_dec                           0x00000000   Number         0  stubs.o ABSOLUTE
    _printf_fp_hex                           0x00000000   Number         0  stubs.o ABSOLUTE
    _printf_g                                0x00000000   Number         0  stubs.o ABSOLUTE
    _printf_i                                0x00000000   Number         0  stubs.o ABSOLUTE
    _printf_int_dec                          0x00000000   Number         0  stubs.o ABSOLUTE
    _printf_l                                0x00000000   Number         0  stubs.o ABSOLUTE
    _printf_lc                               0x00000000   Number         0  stubs.o ABSOLUTE
    _printf_ll                               0x00000000   Number         0  stubs.o ABSOLUTE
    _printf_lld                              0x00000000   Number         0  stubs.o ABSOLUTE
    _printf_lli                              0x00000000   Number         0  stubs.o ABSOLUTE
    _printf_llo                              0x00000000   Number         0  stubs.o ABSOLUTE
    _printf_llu                              0x00000000   Number         0  stubs.o ABSOLUTE
    _printf_llx                              0x00000000   Number         0  stubs.o ABSOLUTE
    _printf_longlong_dec                     0x00000000   Number         0  stubs.o ABSOLUTE
    _printf_longlong_hex                     0x00000000   Number         0  stubs.o ABSOLUTE
    _printf_longlong_oct                     0x00000000   Number         0  stubs.o ABSOLUTE
    _printf_ls                               0x00000000   Number         0  stubs.o ABSOLUTE
    _printf_mbtowc                           0x00000000   Number         0  stubs.o ABSOLUTE
    _printf_n                                0x00000000   Number         0  stubs.o ABSOLUTE
    _printf_o                                0x00000000   Number         0  stubs.o ABSOLUTE
    _printf_p                                0x00000000   Number         0  stubs.o ABSOLUTE
    _printf_percent                          0x00000000   Number         0  stubs.o ABSOLUTE
    _printf_pre_padding                      0x00000000   Number         0  stubs.o ABSOLUTE
    _printf_return_value                     0x00000000   Number         0  stubs.o ABSOLUTE
    _printf_s                                0x00000000   Number         0  stubs.o ABSOLUTE
    _printf_sizespec                         0x00000000   Number         0  stubs.o ABSOLUTE
    _printf_str                              0x00000000   Number         0  stubs.o ABSOLUTE
    _printf_truncate_signed                  0x00000000   Number         0  stubs.o ABSOLUTE
    _printf_truncate_unsigned                0x00000000   Number         0  stubs.o ABSOLUTE
    _printf_u                                0x00000000   Number         0  stubs.o ABSOLUTE
    _printf_wc                               0x00000000   Number         0  stubs.o ABSOLUTE
    _printf_wctomb                           0x00000000   Number         0  stubs.o ABSOLUTE
    _printf_widthprec                        0x00000000   Number         0  stubs.o ABSOLUTE
    _printf_x                                0x00000000   Number         0  stubs.o ABSOLUTE
    __cpp_initialize__aeabi_                  - Undefined Weak Reference
    __cxa_finalize                            - Undefined Weak Reference
    _clock_init                               - Undefined Weak Reference
    _microlib_exit                            - Undefined Weak Reference
    _scanf_int                                - Undefined Weak Reference
    _scanf_longlong                           - Undefined Weak Reference
    _scanf_real                               - Undefined Weak Reference
    __Vectors_End                            0x0000026c   Data           0  startup_tm4c123.o(RESET)
    __Vectors_Size                           0x0000026c   Number         0  startup_tm4c123.o ABSOLUTE
    __main                                   0x0000026d   Thumb Code     0  entry.o(.ARM.Collect$$$$00000000)
    _main_stk                                0x0000026d   Thumb Code     0  entry2.o(.ARM.Collect$$$$00000001)
    _main_scatterload                        0x00000271   Thumb Code     0  entry5.o(.ARM.Collect$$$$00000004)
    __main_after_scatterload                 0x00000275   Thumb Code     0  entry5.o(.ARM.Collect$$$$00000004)
    _main_clock                              0x00000275   Thumb Code     0  entry7b.o(.ARM.Collect$$$$00000008)
    _main_cpp_init                           0x00000275   Thumb Code     0  entry8b.o(.ARM.Collect$$$$0000000A)
    _main_init                               0x00000275   Thumb Code     0  entry9a.o(.ARM.Collect$$$$0000000B)
    __rt_final_cpp                           0x0000027d   Thumb Code     0  entry10a.o(.ARM.Collect$$$$0000000D)
    __rt_final_exit                          0x0000027d   Thumb Code     0  entry11a.o(.ARM.Collect$$$$0000000F)
    initializeBoard                          0x00000281   Thumb Code   168  main.o(.text)
    printXueyou                              0x00000329   Thumb Code    68  main.o(.text)
    initialGame                              0x0000036d   Thumb Code    50  main.o(.text)
    printMario                               0x0000039f   Thumb Code    64  main.o(.text)
    printTodd                                0x000003df   Thumb Code    66  main.o(.text)
    readOldFields                            0x00000421   Thumb Code   142  main.o(.text)
    enterNewFields                           0x000004af   Thumb Code   156  main.o(.text)
    joystick                                 0x0000054b   Thumb Code   134  main.o(.text)
    configureSound                           0x000005d1   Thumb Code    12  main.o(.text)
    gotoTitle                                0x000005dd   Thumb Code   496  main.o(.text)
    gotoWinEnding                            0x000007cd   Thumb Code    86  main.o(.text)
    gotoLoseEnding                           0x00000823   Thumb Code    86  main.o(.text)
    main                                     0x00000879   Thumb Code  1234  main.o(.text)
    SysTick_Handler                          0x00000d65   Thumb Code   334  interrupts.o(.text)
    UART0_Handler                            0x00000eb3   Thumb Code   106  interrupts.o(.text)
    TIMER0A_Handler                          0x00000f1d   Thumb Code    90  interrupts.o(.text)
    TIMER1A_Handler                          0x00000f77   Thumb Code    42  interrupts.o(.text)
    TIMER1B_Handler                          0x00000fa1   Thumb Code    20  interrupts.o(.text)
    WDT0_Handler                             0x00000fb5   Thumb Code    10  interrupts.o(.text)
    ADC0SS2_Handler                          0x00000fbf   Thumb Code    32  interrupts.o(.text)
    GPIOD_Handler                            0x00000fdf   Thumb Code    34  interrupts.o(.text)
    DisableInterrupts                        0x0000109d   Thumb Code     4  boardutil.o(.text)
    EnableInterrupts                         0x000010a1   Thumb Code     4  boardutil.o(.text)
    uart0_config_gpio                        0x000010a5   Thumb Code    42  boardutil.o(.text)
    serialDebugInit                          0x000010cf   Thumb Code    12  boardutil.o(.text)
    i2cInit                                  0x000010db   Thumb Code    92  boardutil.o(.text)
    lcd_init                                 0x00001137   Thumb Code   166  boardutil.o(.text)
    rfInit                                   0x000011dd   Thumb Code   266  boardutil.o(.text)
    setWirelessIDs                           0x000012e7   Thumb Code   208  boardutil.o(.text)
    getWirelessIDs                           0x000013b7   Thumb Code   336  boardutil.o(.text)
    clearCursor                              0x00001641   Thumb Code    58  game.o(.text)
    printBoard                               0x0000167b   Thumb Code    66  game.o(.text)
    printToad                                0x000016bd   Thumb Code   174  game.o(.text)
    printBlack                               0x0000176b   Thumb Code   168  game.o(.text)
    updateEnemy                              0x00001813   Thumb Code     6  game.o(.text)
    updateGame                               0x00001819   Thumb Code   468  game.o(.text)
    configure_adc0                           0x00001a09   Thumb Code    64  adc.o(.text)
    trigger_adc                              0x00001a49   Thumb Code    84  adc.o(.text)
    eeprom_byte_write                        0x00001af3   Thumb Code    70  eeprom.o(.text)
    eeprom_byte_read                         0x00001b39   Thumb Code    80  eeprom.o(.text)
    gpio_enable_port                         0x00001bc9   Thumb Code   156  gpioport.o(.text)
    gpio_config_digital_enable               0x00001c65   Thumb Code    40  gpioport.o(.text)
    gpio_config_enable_output                0x00001c8d   Thumb Code    40  gpioport.o(.text)
    gpio_config_enable_input                 0x00001cb5   Thumb Code    40  gpioport.o(.text)
    gpio_config_enable_pullup                0x00001cdd   Thumb Code    34  gpioport.o(.text)
    gpio_config_enable_pulldown              0x00001cff   Thumb Code    34  gpioport.o(.text)
    gpio_config_analog_enable                0x00001d21   Thumb Code    40  gpioport.o(.text)
    gpio_config_alternate_function           0x00001d49   Thumb Code    40  gpioport.o(.text)
    gpio_config_port_control                 0x00001d71   Thumb Code    40  gpioport.o(.text)
    gpio_config_open_drain                   0x00001d99   Thumb Code    40  gpioport.o(.text)
    gpio_enable_interrupts                   0x00001dc1   Thumb Code    56  gpioport.o(.text)
    initializeI2CMaster                      0x00001e19   Thumb Code   160  i2c.o(.text)
    i2cVerifyBaseAddr                        0x00001eb9   Thumb Code    36  i2c.o(.text)
    i2cSetSlaveAddr                          0x00001edd   Thumb Code    30  i2c.o(.text)
    i2cStop                                  0x00001efb   Thumb Code    26  i2c.o(.text)
    I2CMasterBusy                            0x00001f15   Thumb Code    34  i2c.o(.text)
    I2CMasterAdrAck                          0x00001f37   Thumb Code    34  i2c.o(.text)
    I2CMasterDatAck                          0x00001f59   Thumb Code    34  i2c.o(.text)
    i2cSendByte                              0x00001f7b   Thumb Code    82  i2c.o(.text)
    i2cGetByte                               0x00001fcd   Thumb Code    60  i2c.o(.text)
    pc_buffer_init                           0x00002021   Thumb Code    12  pc_buffer.o(.text)
    pc_buffer_add                            0x0000202d   Thumb Code    26  pc_buffer.o(.text)
    pc_buffer_remove                         0x00002047   Thumb Code    28  pc_buffer.o(.text)
    pc_buffer_empty                          0x00002063   Thumb Code    18  pc_buffer.o(.text)
    pc_buffer_full                           0x00002075   Thumb Code    22  pc_buffer.o(.text)
    spiVerifyBaseAddr                        0x0000208d   Thumb Code    34  spi.o(.text)
    initialize_spi                           0x000020af   Thumb Code   246  spi.o(.text)
    spiTx                                    0x000021a5   Thumb Code    94  spi.o(.text)
    configure_timer1                         0x0000223d   Thumb Code    94  timer0.o(.text)
    start_timer1A                            0x0000229b   Thumb Code    24  timer0.o(.text)
    start_timer1B                            0x000022b3   Thumb Code    24  timer0.o(.text)
    stop_timer1A                             0x000022cb   Thumb Code    12  timer0.o(.text)
    stop_timer1B                             0x000022d7   Thumb Code    12  timer0.o(.text)
    configure_timer0                         0x000022e3   Thumb Code    66  timer0.o(.text)
    start_timer0A                            0x00002325   Thumb Code    24  timer0.o(.text)
    stop_timer0A                             0x0000233d   Thumb Code    12  timer0.o(.text)
    uart0_init_115K                          0x00002379   Thumb Code   146  uart.o(.text)
    uartRx                                   0x0000240b   Thumb Code    42  uart.o(.text)
    uartTx                                   0x00002435   Thumb Code    58  uart.o(.text)
    fputc                                    0x0000246f   Thumb Code    44  uart.o(.text)
    fgetc                                    0x0000249b   Thumb Code    48  uart.o(.text)
    wait_uS_15                               0x000024f9   Thumb Code    14  wireless.o(.text)
    wireless_set_pin_config                  0x00002507   Thumb Code    24  wireless.o(.text)
    wireless_send_32                         0x0000268f   Thumb Code   320  wireless.o(.text)
    wireless_get_32                          0x000027cf   Thumb Code   132  wireless.o(.text)
    wireless_configure_device                0x00002853   Thumb Code   236  wireless.o(.text)
    dogs102_set_page                         0x000029cd   Thumb Code    32  lcd.o(.text)
    dogs102_set_column                       0x000029ed   Thumb Code    52  lcd.o(.text)
    dogs102_write_data                       0x00002a21   Thumb Code    24  lcd.o(.text)
    dogs102_write_char_10pts                 0x00002a39   Thumb Code   186  lcd.o(.text)
    dogs102_clear                            0x00002af3   Thumb Code    46  lcd.o(.text)
    dogs102_init                             0x00002b21   Thumb Code   238  lcd.o(.text)
    configure_WDT0                           0x00002c49   Thumb Code    34  watchdog0.o(.text)
    enable_watchdog                          0x00002c6b   Thumb Code    74  watchdog0.o(.text)
    renew_watchdog                           0x00002cb5   Thumb Code    10  watchdog0.o(.text)
    Reset_Handler                            0x00002cd5   Thumb Code     8  startup_tm4c123.o(.text)
    NMI_Handler                              0x00002cdd   Thumb Code     2  startup_tm4c123.o(.text)
    HardFault_Handler                        0x00002cdf   Thumb Code     2  startup_tm4c123.o(.text)
    MemManage_Handler                        0x00002ce1   Thumb Code     2  startup_tm4c123.o(.text)
    BusFault_Handler                         0x00002ce3   Thumb Code     2  startup_tm4c123.o(.text)
    UsageFault_Handler                       0x00002ce5   Thumb Code     2  startup_tm4c123.o(.text)
    SVC_Handler                              0x00002ce7   Thumb Code     2  startup_tm4c123.o(.text)
    DebugMon_Handler                         0x00002ce9   Thumb Code     2  startup_tm4c123.o(.text)
    PendSV_Handler                           0x00002ceb   Thumb Code     2  startup_tm4c123.o(.text)
    GPIOA_Handler                            0x00002cef   Thumb Code     2  startup_tm4c123.o(.text)
    GPIOB_Handler                            0x00002cf1   Thumb Code     2  startup_tm4c123.o(.text)
    GPIOC_Handler                            0x00002cf3   Thumb Code     2  startup_tm4c123.o(.text)
    GPIOE_Handler                            0x00002cf7   Thumb Code     2  startup_tm4c123.o(.text)
    UART1_Handler                            0x00002cfb   Thumb Code     2  startup_tm4c123.o(.text)
    SSI0_Handler                             0x00002cfd   Thumb Code     2  startup_tm4c123.o(.text)
    I2C0_Handler                             0x00002cff   Thumb Code     2  startup_tm4c123.o(.text)
    PMW0_FAULT_Handler                       0x00002d01   Thumb Code     2  startup_tm4c123.o(.text)
    PWM0_0_Handler                           0x00002d03   Thumb Code     2  startup_tm4c123.o(.text)
    PWM0_1_Handler                           0x00002d05   Thumb Code     2  startup_tm4c123.o(.text)
    PWM0_2_Handler                           0x00002d07   Thumb Code     2  startup_tm4c123.o(.text)
    QEI0_Handler                             0x00002d09   Thumb Code     2  startup_tm4c123.o(.text)
    ADC0SS0_Handler                          0x00002d0b   Thumb Code     2  startup_tm4c123.o(.text)
    ADC0SS1_Handler                          0x00002d0d   Thumb Code     2  startup_tm4c123.o(.text)
    ADC0SS3_Handler                          0x00002d11   Thumb Code     2  startup_tm4c123.o(.text)
    TIMER0B_Handler                          0x00002d17   Thumb Code     2  startup_tm4c123.o(.text)
    TIMER2A_Handler                          0x00002d1d   Thumb Code     2  startup_tm4c123.o(.text)
    TIMER2B_Handler                          0x00002d1f   Thumb Code     2  startup_tm4c123.o(.text)
    COMP0_Handler                            0x00002d21   Thumb Code     2  startup_tm4c123.o(.text)
    COMP1_Handler                            0x00002d23   Thumb Code     2  startup_tm4c123.o(.text)
    COMP2_Handler                            0x00002d25   Thumb Code     2  startup_tm4c123.o(.text)
    SYSCTL_Handler                           0x00002d27   Thumb Code     2  startup_tm4c123.o(.text)
    FLASH_Handler                            0x00002d29   Thumb Code     2  startup_tm4c123.o(.text)
    GPIOF_Handler                            0x00002d2b   Thumb Code     2  startup_tm4c123.o(.text)
    GPIOG_Handler                            0x00002d2d   Thumb Code     2  startup_tm4c123.o(.text)
    GPIOH_Handler                            0x00002d2f   Thumb Code     2  startup_tm4c123.o(.text)
    UART2_Handler                            0x00002d31   Thumb Code     2  startup_tm4c123.o(.text)
    SSI1_Handler                             0x00002d33   Thumb Code     2  startup_tm4c123.o(.text)
    TIMER3A_Handler                          0x00002d35   Thumb Code     2  startup_tm4c123.o(.text)
    TIMER3B_Handler                          0x00002d37   Thumb Code     2  startup_tm4c123.o(.text)
    I2C1_Handler                             0x00002d39   Thumb Code     2  startup_tm4c123.o(.text)
    QEI1_Handler                             0x00002d3b   Thumb Code     2  startup_tm4c123.o(.text)
    CAN0_Handler                             0x00002d3d   Thumb Code     2  startup_tm4c123.o(.text)
    CAN1_Handler                             0x00002d3f   Thumb Code     2  startup_tm4c123.o(.text)
    CAN2_Handler                             0x00002d41   Thumb Code     2  startup_tm4c123.o(.text)
    HIB_Handler                              0x00002d43   Thumb Code     2  startup_tm4c123.o(.text)
    USB0_Handler                             0x00002d45   Thumb Code     2  startup_tm4c123.o(.text)
    PWM0_3_Handler                           0x00002d47   Thumb Code     2  startup_tm4c123.o(.text)
    UDMA_Handler                             0x00002d49   Thumb Code     2  startup_tm4c123.o(.text)
    UDMAERR_Handler                          0x00002d4b   Thumb Code     2  startup_tm4c123.o(.text)
    ADC1SS0_Handler                          0x00002d4d   Thumb Code     2  startup_tm4c123.o(.text)
    ADC1SS1_Handler                          0x00002d4f   Thumb Code     2  startup_tm4c123.o(.text)
    ADC1SS2_Handler                          0x00002d51   Thumb Code     2  startup_tm4c123.o(.text)
    ADC1SS3_Handler                          0x00002d53   Thumb Code     2  startup_tm4c123.o(.text)
    GPIOJ_Handler                            0x00002d55   Thumb Code     2  startup_tm4c123.o(.text)
    GPIOK_Handler                            0x00002d57   Thumb Code     2  startup_tm4c123.o(.text)
    GPIOL_Handler                            0x00002d59   Thumb Code     2  startup_tm4c123.o(.text)
    SSI2_Handler                             0x00002d5b   Thumb Code     2  startup_tm4c123.o(.text)
    SSI3_Handler                             0x00002d5d   Thumb Code     2  startup_tm4c123.o(.text)
    UART3_Handler                            0x00002d5f   Thumb Code     2  startup_tm4c123.o(.text)
    UART4_Handler                            0x00002d61   Thumb Code     2  startup_tm4c123.o(.text)
    UART5_Handler                            0x00002d63   Thumb Code     2  startup_tm4c123.o(.text)
    UART6_Handler                            0x00002d65   Thumb Code     2  startup_tm4c123.o(.text)
    UART7_Handler                            0x00002d67   Thumb Code     2  startup_tm4c123.o(.text)
    I2C2_Handler                             0x00002d69   Thumb Code     2  startup_tm4c123.o(.text)
    I2C3_Handler                             0x00002d6b   Thumb Code     2  startup_tm4c123.o(.text)
    TIMER4A_Handler                          0x00002d6d   Thumb Code     2  startup_tm4c123.o(.text)
    TIMER4B_Handler                          0x00002d6f   Thumb Code     2  startup_tm4c123.o(.text)
    TIMER5A_Handler                          0x00002d71   Thumb Code     2  startup_tm4c123.o(.text)
    TIMER5B_Handler                          0x00002d73   Thumb Code     2  startup_tm4c123.o(.text)
    WTIMER0A_Handler                         0x00002d75   Thumb Code     2  startup_tm4c123.o(.text)
    WTIMER0B_Handler                         0x00002d77   Thumb Code     2  startup_tm4c123.o(.text)
    WTIMER1A_Handler                         0x00002d79   Thumb Code     2  startup_tm4c123.o(.text)
    WTIMER1B_Handler                         0x00002d7b   Thumb Code     2  startup_tm4c123.o(.text)
    WTIMER2A_Handler                         0x00002d7d   Thumb Code     2  startup_tm4c123.o(.text)
    WTIMER2B_Handler                         0x00002d7f   Thumb Code     2  startup_tm4c123.o(.text)
    WTIMER3A_Handler                         0x00002d81   Thumb Code     2  startup_tm4c123.o(.text)
    WTIMER3B_Handler                         0x00002d83   Thumb Code     2  startup_tm4c123.o(.text)
    WTIMER4A_Handler                         0x00002d85   Thumb Code     2  startup_tm4c123.o(.text)
    WTIMER4B_Handler                         0x00002d87   Thumb Code     2  startup_tm4c123.o(.text)
    WTIMER5A_Handler                         0x00002d89   Thumb Code     2  startup_tm4c123.o(.text)
    WTIMER5B_Handler                         0x00002d8b   Thumb Code     2  startup_tm4c123.o(.text)
    FPU_Handler                              0x00002d8d   Thumb Code     2  startup_tm4c123.o(.text)
    I2C4_Handler                             0x00002d8f   Thumb Code     2  startup_tm4c123.o(.text)
    I2C5_Handler                             0x00002d91   Thumb Code     2  startup_tm4c123.o(.text)
    GPIOM_Handler                            0x00002d93   Thumb Code     2  startup_tm4c123.o(.text)
    GPION_Handler                            0x00002d95   Thumb Code     2  startup_tm4c123.o(.text)
    QEI2_Handler                             0x00002d97   Thumb Code     2  startup_tm4c123.o(.text)
    GPIOP0_Handler                           0x00002d99   Thumb Code     2  startup_tm4c123.o(.text)
    GPIOP1_Handler                           0x00002d9b   Thumb Code     2  startup_tm4c123.o(.text)
    GPIOP2_Handler                           0x00002d9d   Thumb Code     2  startup_tm4c123.o(.text)
    GPIOP3_Handler                           0x00002d9f   Thumb Code     2  startup_tm4c123.o(.text)
    GPIOP4_Handler                           0x00002da1   Thumb Code     2  startup_tm4c123.o(.text)
    GPIOP5_Handler                           0x00002da3   Thumb Code     2  startup_tm4c123.o(.text)
    GPIOP6_Handler                           0x00002da5   Thumb Code     2  startup_tm4c123.o(.text)
    GPIOP7_Handler                           0x00002da7   Thumb Code     2  startup_tm4c123.o(.text)
    GPIOQ0_Handler                           0x00002da9   Thumb Code     2  startup_tm4c123.o(.text)
    GPIOQ1_Handler                           0x00002dab   Thumb Code     2  startup_tm4c123.o(.text)
    GPIOQ2_Handler                           0x00002dad   Thumb Code     2  startup_tm4c123.o(.text)
    GPIOQ3_Handler                           0x00002daf   Thumb Code     2  startup_tm4c123.o(.text)
    GPIOQ4_Handler                           0x00002db1   Thumb Code     2  startup_tm4c123.o(.text)
    GPIOQ5_Handler                           0x00002db3   Thumb Code     2  startup_tm4c123.o(.text)
    GPIOQ6_Handler                           0x00002db5   Thumb Code     2  startup_tm4c123.o(.text)
    GPIOQ7_Handler                           0x00002db7   Thumb Code     2  startup_tm4c123.o(.text)
    GPIOR_Handler                            0x00002db9   Thumb Code     2  startup_tm4c123.o(.text)
    GPIOS_Handler                            0x00002dbb   Thumb Code     2  startup_tm4c123.o(.text)
    PMW1_0_Handler                           0x00002dbd   Thumb Code     2  startup_tm4c123.o(.text)
    PWM1_1_Handler                           0x00002dbf   Thumb Code     2  startup_tm4c123.o(.text)
    PWM1_2_Handler                           0x00002dc1   Thumb Code     2  startup_tm4c123.o(.text)
    PWM1_3_Handler                           0x00002dc3   Thumb Code     2  startup_tm4c123.o(.text)
    PWM1_FAULT_Handler                       0x00002dc5   Thumb Code     2  startup_tm4c123.o(.text)
    SystemCoreClockUpdate                    0x00002e87   Thumb Code   184  system_tm4c123.o(.text)
    SystemInit                               0x00002f3f   Thumb Code   112  system_tm4c123.o(.text)
    __aeabi_memcpy                           0x00003021   Thumb Code    36  memcpya.o(.text)
    __aeabi_memcpy4                          0x00003021   Thumb Code     0  memcpya.o(.text)
    __aeabi_memcpy8                          0x00003021   Thumb Code     0  memcpya.o(.text)
    __aeabi_memset                           0x00003045   Thumb Code    14  memseta.o(.text)
    __aeabi_memset4                          0x00003045   Thumb Code     0  memseta.o(.text)
    __aeabi_memset8                          0x00003045   Thumb Code     0  memseta.o(.text)
    __aeabi_memclr                           0x00003053   Thumb Code     4  memseta.o(.text)
    __aeabi_memclr4                          0x00003053   Thumb Code     0  memseta.o(.text)
    __aeabi_memclr8                          0x00003053   Thumb Code     0  memseta.o(.text)
    _memset$wrapper                          0x00003057   Thumb Code    18  memseta.o(.text)
    __0scanf                                 0x00003069   Thumb Code    26  __0scanf.o(.text)
    _scanf_string                            0x00003089   Thumb Code   218  _scanf_str.o(.text)
    __aeabi_ui2d                             0x00003163   Thumb Code    26  dfltui.o(.text)
    __aeabi_f2d                              0x0000317d   Thumb Code    38  f2d.o(.text)
    __aeabi_cdcmpeq                          0x000031a5   Thumb Code     0  cdcmple.o(.text)
    __aeabi_cdcmple                          0x000031a5   Thumb Code    38  cdcmple.o(.text)
    __aeabi_cdrcmple                         0x000031cd   Thumb Code    38  cdrcmple.o(.text)
    __aeabi_uidiv                            0x000031f5   Thumb Code     0  uidiv.o(.text)
    __aeabi_uidivmod                         0x000031f5   Thumb Code    44  uidiv.o(.text)
    __aeabi_uldivmod                         0x00003221   Thumb Code    98  uldiv.o(.text)
    __vfscanf_char_file                      0x00003285   Thumb Code    12  scanf_char_file.o(.text)
    __I$use$fp                               0x00003299   Thumb Code     0  iusefp.o(.text)
    _double_round                            0x00003299   Thumb Code    26  depilogue.o(.text)
    _double_epilogue                         0x000032b3   Thumb Code   156  depilogue.o(.text)
    __aeabi_dadd                             0x0000334f   Thumb Code   322  dadd.o(.text)
    __aeabi_dsub                             0x00003491   Thumb Code     6  dadd.o(.text)
    __aeabi_drsub                            0x00003497   Thumb Code     6  dadd.o(.text)
    __aeabi_dmul                             0x0000349d   Thumb Code   228  dmul.o(.text)
    __aeabi_ddiv                             0x00003581   Thumb Code   222  ddiv.o(.text)
    __aeabi_d2ulz                            0x0000365f   Thumb Code    48  dfixul.o(.text)
    __scatterload                            0x00003691   Thumb Code    28  init.o(.text)
    __scatterload_rt2                        0x00003691   Thumb Code     0  init.o(.text)
    _fgetc$bs                                0x000036b5   Thumb Code    28  fgetc_b.o(.text)
    __backspace                              0x000036d1   Thumb Code    10  fgetc_b.o(.text)
    __aeabi_llsl                             0x000036e1   Thumb Code    30  llshl.o(.text)
    _ll_shift_l                              0x000036e1   Thumb Code     0  llshl.o(.text)
    __aeabi_llsr                             0x000036ff   Thumb Code    32  llushr.o(.text)
    _ll_ushift_r                             0x000036ff   Thumb Code     0  llushr.o(.text)
    __aeabi_lasr                             0x0000371f   Thumb Code    36  llsshr.o(.text)
    _ll_sshift_r                             0x0000371f   Thumb Code     0  llsshr.o(.text)
    __vfscanf_char                           0x00003751   Thumb Code    20  scanf_char.o(.text)
    __semihosting_library_function           0x0000376d   Thumb Code     0  semi.o(.text)
    isspace                                  0x0000376d   Thumb Code    10  isspace_c.o(.text)
    __vfscanf                                0x00003779   Thumb Code   802  _scanf.o(.text)
    __I$use$semihosting$fgetc                0x00003aa1   Thumb Code     0  iusesemig.o(.text)
    __ctype_lookup                           0x00003aa1   Thumb Code    34  ctype_c.o(.text)
    __decompress                             0x00003ac9   Thumb Code     0  __dclz77c.o(.text)
    __decompress2                            0x00003ac9   Thumb Code    94  __dclz77c.o(.text)
    __0printf                                0x00003b29   Thumb Code    22  printfa.o(i.__0printf)
    __1printf                                0x00003b29   Thumb Code     0  printfa.o(i.__0printf)
    __2printf                                0x00003b29   Thumb Code     0  printfa.o(i.__0printf)
    __c89printf                              0x00003b29   Thumb Code     0  printfa.o(i.__0printf)
    printf                                   0x00003b29   Thumb Code     0  printfa.o(i.__0printf)
    __aeabi_errno_addr                       0x00003b49   Thumb Code     4  errno.o(i.__aeabi_errno_addr)
    __rt_errno_addr                          0x00003b49   Thumb Code     0  errno.o(i.__aeabi_errno_addr)
    __scatterload_copy                       0x00003b51   Thumb Code    14  handlers.o(i.__scatterload_copy)
    __scatterload_null                       0x00003b5f   Thumb Code     2  handlers.o(i.__scatterload_null)
    __scatterload_zeroinit                   0x00003b61   Thumb Code    14  handlers.o(i.__scatterload_zeroinit)
    arialNarrow_8ptBitmaps                   0x00004402   Data          50  fonts.o(.constdata)
    courierNew_10ptBitmaps                   0x00004434   Data        1900  fonts.o(.constdata)
    buckyBadger                              0x00004ba0   Data         759  fonts.o(.constdata)
    motionW                                  0x00004e97   Data         392  fonts.o(.constdata)
    todd                                     0x0000501f   Data         392  fonts.o(.constdata)
    littleToad                               0x000051a7   Data          32  fonts.o(.constdata)
    xueyou                                   0x000051c7   Data         222  fonts.o(.constdata)
    board                                    0x000052a5   Data         288  fonts.o(.constdata)
    cursor                                   0x000053c5   Data          32  fonts.o(.constdata)
    KIM                                      0x000053e5   Data         252  fonts.o(.constdata)
    mario8Bit                                0x000054e1   Data         384  fonts.o(.constdata)
    __ctype_categories                       0x00005661   Data          64  ctype_c.o(.constdata)
    Region$$Table$$Base                      0x000056a4   Number         0  anon$$obj.o(Region$$Table)
    Region$$Table$$Limit                     0x000056c4   Number         0  anon$$obj.o(Region$$Table)
    mario                                    0x20000000   Data        8661  main.o(.data)
    teamNumber                               0x200021d5   Data           2  main.o(.data)
    Alert_1ms                                0x200021d7   Data           1  main.o(.data)
    Alert_100ms                              0x200021d8   Data           4  main.o(.data)
    Alert_Timer0A                            0x200021dc   Data           1  main.o(.data)
    Alert_Timer0A5s                          0x200021dd   Data           1  main.o(.data)
    Alert_count                              0x200021e0   Data           4  main.o(.data)
    Alert_Timer1B                            0x200021e4   Data           1  main.o(.data)
    Alert_Timer1A                            0x200021e5   Data           1  main.o(.data)
    ps2IsPress                               0x200021ec   Data           1  main.o(.data)
    upIsPress                                0x200021ed   Data           1  main.o(.data)
    downIsPress                              0x200021ee   Data           1  main.o(.data)
    rightIsPress                             0x200021ef   Data           1  main.o(.data)
    leftIsPress                              0x200021f0   Data           1  main.o(.data)
    Alert_100ms2                             0x200021f1   Data           1  main.o(.data)
    package                                  0x200021f4   Data           4  main.o(.data)
    loss                                     0x200021f8   Data           4  main.o(.data)
    dataIsReceived                           0x200021fc   Data           1  main.o(.data)
    data_rr                                  0x20002204   Data           4  main.o(.data)
    spicount                                 0x20002208   Data           4  main.o(.data)
    y_data                                   0x2000220c   Data           2  main.o(.data)
    x_data                                   0x2000220e   Data           2  main.o(.data)
    tx_mode                                  0x20002210   Data           1  main.o(.data)
    tracker                                  0x20002214   Data           4  main.o(.data)
    direction                                0x20002218   Data           4  main.o(.data)
    enemy                                    0x2000221c   Data           4  main.o(.data)
    score                                    0x20002220   Data           4  main.o(.data)
    endgame                                  0x20002224   Data           4  main.o(.data)
    myID                                     0x20002228   Data           5  main.o(.data)
    remoteID                                 0x2000222d   Data           5  main.o(.data)
    titleP1                                  0x20002232   Data           7  main.o(.data)
    titleP2                                  0x20002239   Data           7  main.o(.data)
    winMessage                               0x20002240   Data           7  main.o(.data)
    loseMessage                              0x20002247   Data           8  main.o(.data)
    scene                                    0x20002250   Data           4  main.o(.data)
    SystemCoreClock                          0x2000226c   Data           4  system_tm4c123.o(.data)
    __stdin                                  0x20002270   Data           4  stdin.o(.data)
    __stdout                                 0x20002274   Data           4  stdout.o(.data)
    name1                                    0x20002280   Data          80  main.o(.bss)
    name2                                    0x200022d0   Data          80  main.o(.bss)
    input                                    0x20002320   Data          80  main.o(.bss)
    UART0_Rx_Buffer                          0x200023c0   Data          16  uart.o(.bss)
    UART0_Rx_Buffer_Array                    0x200023d0   Data          80  uart.o(.bss)
    UART0_Tx_Buffer                          0x20002420   Data          16  uart.o(.bss)
    UART0_Tx_Buffer_Array                    0x20002430   Data          80  uart.o(.bss)
    wirelessPinConfig                        0x20002480   Data          24  wireless.o(.bss)
    __initial_sp                             0x20003498   Data           0  startup_tm4c123.o(STACK)



==============================================================================

Memory Map of the image

  Image Entry point : 0x00002cd5

  Load Region LR_1 (Base: 0x00000000, Size: 0x00007944, Max: 0xffffffff, ABSOLUTE, COMPRESSED[0x000061a8])

    Execution Region ER_RO (Base: 0x00000000, Size: 0x000056c4, Max: 0xffffffff, ABSOLUTE)

    Base Addr    Size         Type   Attr      Idx    E Section Name        Object

    0x00000000   0x0000026c   Data   RO          507    RESET               startup_tm4c123.o
    0x0000026c   0x00000000   Code   RO          538  * .ARM.Collect$$$$00000000  mc_w.l(entry.o)
    0x0000026c   0x00000004   Code   RO          829    .ARM.Collect$$$$00000001  mc_w.l(entry2.o)
    0x00000270   0x00000004   Code   RO          832    .ARM.Collect$$$$00000004  mc_w.l(entry5.o)
    0x00000274   0x00000000   Code   RO          834    .ARM.Collect$$$$00000008  mc_w.l(entry7b.o)
    0x00000274   0x00000000   Code   RO          836    .ARM.Collect$$$$0000000A  mc_w.l(entry8b.o)
    0x00000274   0x00000008   Code   RO          837    .ARM.Collect$$$$0000000B  mc_w.l(entry9a.o)
    0x0000027c   0x00000000   Code   RO          839    .ARM.Collect$$$$0000000D  mc_w.l(entry10a.o)
    0x0000027c   0x00000000   Code   RO          841    .ARM.Collect$$$$0000000F  mc_w.l(entry11a.o)
    0x0000027c   0x00000004   Code   RO          830    .ARM.Collect$$$$00002712  mc_w.l(entry2.o)
    0x00000280   0x00000ae4   Code   RO            3    .text               main.o
    0x00000d64   0x00000338   Code   RO          120    .text               interrupts.o
    0x0000109c   0x000005a4   Code   RO          150    .text               boardutil.o
    0x00001640   0x000003c8   Code   RO          184    .text               game.o
    0x00001a08   0x000000a8   Code   RO          212    .text               adc.o
    0x00001ab0   0x000000d8   Code   RO          232    .text               eeprom.o
    0x00001b88   0x00000290   Code   RO          252    .text               gpioport.o
    0x00001e18   0x00000208   Code   RO          272    .text               i2c.o
    0x00002020   0x0000006a   Code   RO          342    .text               pc_buffer.o
    0x0000208a   0x00000002   PAD
    0x0000208c   0x00000190   Code   RO          356    .text               spi.o
    0x0000221c   0x0000015c   Code   RO          376    .text               timer0.o
    0x00002378   0x00000180   Code   RO          400    .text               uart.o
    0x000024f8   0x000004d4   Code   RO          423    .text               wireless.o
    0x000029cc   0x0000027c   Code   RO          458    .text               lcd.o
    0x00002c48   0x0000008c   Code   RO          487    .text               watchdog0.o
    0x00002cd4   0x000000fc   Code   RO          508  * .text               startup_tm4c123.o
    0x00002dd0   0x00000250   Code   RO          514    .text               system_tm4c123.o
    0x00003020   0x00000024   Code   RO          543    .text               mc_w.l(memcpya.o)
    0x00003044   0x00000024   Code   RO          545    .text               mc_w.l(memseta.o)
    0x00003068   0x00000020   Code   RO          817    .text               mc_w.l(__0scanf.o)
    0x00003088   0x000000da   Code   RO          819    .text               mc_w.l(_scanf_str.o)
    0x00003162   0x0000001a   Code   RO          821    .text               mf_w.l(dfltui.o)
    0x0000317c   0x00000026   Code   RO          823    .text               mf_w.l(f2d.o)
    0x000031a2   0x00000002   PAD
    0x000031a4   0x00000028   Code   RO          825    .text               mf_w.l(cdcmple.o)
    0x000031cc   0x00000028   Code   RO          827    .text               mf_w.l(cdrcmple.o)
    0x000031f4   0x0000002c   Code   RO          843    .text               mc_w.l(uidiv.o)
    0x00003220   0x00000062   Code   RO          845    .text               mc_w.l(uldiv.o)
    0x00003282   0x00000002   PAD
    0x00003284   0x00000014   Code   RO          847    .text               mc_w.l(scanf_char_file.o)
    0x00003298   0x00000000   Code   RO          849    .text               mc_w.l(iusefp.o)
    0x00003298   0x000000b6   Code   RO          850    .text               mf_w.l(depilogue.o)
    0x0000334e   0x0000014e   Code   RO          852    .text               mf_w.l(dadd.o)
    0x0000349c   0x000000e4   Code   RO          854    .text               mf_w.l(dmul.o)
    0x00003580   0x000000de   Code   RO          856    .text               mf_w.l(ddiv.o)
    0x0000365e   0x00000030   Code   RO          858    .text               mf_w.l(dfixul.o)
    0x0000368e   0x00000002   PAD
    0x00003690   0x00000024   Code   RO          860    .text               mc_w.l(init.o)
    0x000036b4   0x0000002c   Code   RO          862    .text               mc_w.l(fgetc_b.o)
    0x000036e0   0x0000001e   Code   RO          865    .text               mc_w.l(llshl.o)
    0x000036fe   0x00000020   Code   RO          867    .text               mc_w.l(llushr.o)
    0x0000371e   0x00000024   Code   RO          869    .text               mc_w.l(llsshr.o)
    0x00003742   0x00000002   PAD
    0x00003744   0x00000028   Code   RO          871    .text               mc_w.l(scanf_char.o)
    0x0000376c   0x00000000   Code   RO          873    .text               mc_w.l(semi.o)
    0x0000376c   0x0000000a   Code   RO          874    .text               mc_w.l(isspace_c.o)
    0x00003776   0x00000002   PAD
    0x00003778   0x00000328   Code   RO          876    .text               mc_w.l(_scanf.o)
    0x00003aa0   0x00000000   Code   RO          878    .text               mc_w.l(iusesemig.o)
    0x00003aa0   0x00000028   Code   RO          879    .text               mc_w.l(ctype_c.o)
    0x00003ac8   0x0000005e   Code   RO          890    .text               mc_w.l(__dclz77c.o)
    0x00003b26   0x00000002   PAD
    0x00003b28   0x00000020   Code   RO          782    i.__0printf         mc_w.l(printfa.o)
    0x00003b48   0x00000008   Code   RO          810    i.__aeabi_errno_addr  mc_w.l(errno.o)
    0x00003b50   0x0000000e   Code   RO          884    i.__scatterload_copy  mc_w.l(handlers.o)
    0x00003b5e   0x00000002   Code   RO          885    i.__scatterload_null  mc_w.l(handlers.o)
    0x00003b60   0x0000000e   Code   RO          886    i.__scatterload_zeroinit  mc_w.l(handlers.o)
    0x00003b6e   0x00000002   PAD
    0x00003b70   0x00000164   Code   RO          789    i._fp_digits        mc_w.l(printfa.o)
    0x00003cd4   0x000006dc   Code   RO          790    i._printf_core      mc_w.l(printfa.o)
    0x000043b0   0x00000024   Code   RO          791    i._printf_post_padding  mc_w.l(printfa.o)
    0x000043d4   0x0000002e   Code   RO          792    i._printf_pre_padding  mc_w.l(printfa.o)
    0x00004402   0x0000125f   Data   RO          444    .constdata          fonts.o
    0x00005661   0x00000040   Data   RO          880    .constdata          mc_w.l(ctype_c.o)
    0x000056a1   0x00000003   PAD
    0x000056a4   0x00000020   Data   RO          882    Region$$Table       anon$$obj.o


    Execution Region ER_RW (Base: 0x20000000, Size: 0x00002280, Max: 0xffffffff, ABSOLUTE, COMPRESSED[0x00000ae4])

    Base Addr    Size         Type   Attr      Idx    E Section Name        Object

    0x20000000   0x00002254   Data   RW            5    .data               main.o
    0x20002254   0x00000018   Data   RW          121    .data               interrupts.o
    0x2000226c   0x00000004   Data   RW          515    .data               system_tm4c123.o
    0x20002270   0x00000004   Data   RW          541    .data               mc_w.l(stdin.o)
    0x20002274   0x00000004   Data   RW          542    .data               mc_w.l(stdout.o)
    0x20002278   0x00000004   Data   RW          813    .data               mc_w.l(errno.o)
    0x2000227c   0x00000003   Data   RW          863    .data               mc_w.l(fgetc_b.o)


    Execution Region ER_ZI (Base: 0x20002280, Size: 0x00001218, Max: 0xffffffff, ABSOLUTE)

    Base Addr    Size         Type   Attr      Idx    E Section Name        Object

    0x20002280   0x00000140   Zero   RW            4    .bss                main.o
    0x200023c0   0x000000c0   Zero   RW          401    .bss                uart.o
    0x20002480   0x00000018   Zero   RW          424    .bss                wireless.o
    0x20002498   0x00001000   Zero   RW          505    STACK               startup_tm4c123.o


==============================================================================

Image component sizes


      Code (inc. data)   RO Data    RW Data    ZI Data      Debug   Object Name

       168         20          0          0          0       1273   adc.o
      1444        314          0          0          0      29232   boardutil.o
       216          0          0          0          0       1577   eeprom.o
         0          0       4703          0          0        986   fonts.o
       968         88          0          0          0       2233   game.o
       656         32          0          0          0       4975   gpioport.o
       520         24          0          0          0       3521   i2c.o
       824        156          0         24          0      30354   interrupts.o
       636         22          0          0          0       2653   lcd.o
      2788        608          0       8788        320      70591   main.o
       106          0          0          0          0       1783   pc_buffer.o
       400         26          0          0          0       1781   spi.o
       252         10        620          0       4096       5440   startup_tm4c123.o
       592        138          0          4          0       1541   system_tm4c123.o
       348         26          0          0          0      29012   timer0.o
       384         46          0          0        192       2478   uart.o
       140         22          0          0          0       1464   watchdog0.o
      1236         16          0          0         24       7624   wireless.o

    ----------------------------------------------------------------------
     11680       1548       5355       8816       4632     198518   Object Totals
         0          0         32          0          0          0   (incl. Generated)
         2          0          0          0          0          0   (incl. Padding)

    ----------------------------------------------------------------------

      Code (inc. data)   RO Data    RW Data    ZI Data      Debug   Library Member Name

        32          6          0          0          0         84   __0scanf.o
        94          0          0          0          0          0   __dclz77c.o
       808          6          0          0          0        112   _scanf.o
       218          0          0          0          0         96   _scanf_str.o
        40          6         64          0          0         68   ctype_c.o
         0          0          0          0          0          0   entry.o
         0          0          0          0          0          0   entry10a.o
         0          0          0          0          0          0   entry11a.o
         8          4          0          0          0          0   entry2.o
         4          0          0          0          0          0   entry5.o
         0          0          0          0          0          0   entry7b.o
         0          0          0          0          0          0   entry8b.o
         8          4          0          0          0          0   entry9a.o
         8          4          0          4          0         68   errno.o
        44          6          0          3          0        144   fgetc_b.o
        30          0          0          0          0          0   handlers.o
        36          8          0          0          0         68   init.o
        10          0          0          0          0         68   isspace_c.o
         0          0          0          0          0          0   iusefp.o
         0          0          0          0          0          0   iusesemig.o
        30          0          0          0          0         68   llshl.o
        36          0          0          0          0         68   llsshr.o
        32          0          0          0          0         68   llushr.o
        36          0          0          0          0         68   memcpya.o
        36          0          0          0          0        108   memseta.o
      2226         90          0          0          0        444   printfa.o
        40          8          0          0          0         84   scanf_char.o
        20          8          0          0          0         68   scanf_char_file.o
         0          0          0          0          0          0   semi.o
         0          0          0          4          0          0   stdin.o
         0          0          0          4          0          0   stdout.o
        44          0          0          0          0         80   uidiv.o
        98          0          0          0          0         92   uldiv.o
        40          2          0          0          0         68   cdcmple.o
        40          2          0          0          0         68   cdrcmple.o
       334          0          0          0          0        148   dadd.o
       222          0          0          0          0        100   ddiv.o
       182          0          0          0          0        176   depilogue.o
        48          0          0          0          0         68   dfixul.o
        26          0          0          0          0         76   dfltui.o
       228          0          0          0          0         96   dmul.o
        38          0          0          0          0         68   f2d.o

    ----------------------------------------------------------------------
      5110        154         67         16          0       2724   Library Totals
        14          0          3          1          0          0   (incl. Padding)

    ----------------------------------------------------------------------

      Code (inc. data)   RO Data    RW Data    ZI Data      Debug   Library Name

      3938        150         64         15          0       1856   mc_w.l
      1158          4          0          0          0        868   mf_w.l

    ----------------------------------------------------------------------
      5110        154         67         16          0       2724   Library Totals

    ----------------------------------------------------------------------

==============================================================================


      Code (inc. data)   RO Data    RW Data    ZI Data      Debug   

     16790       1702       5422       8832       4632     197470   Grand Totals
     16790       1702       5422       2788       4632     197470   ELF Image Totals (compressed)
     16790       1702       5422       2788          0          0   ROM Totals

==============================================================================

    Total RO  Size (Code + RO Data)                22212 (  21.69kB)
    Total RW  Size (RW Data + ZI Data)             13464 (  13.15kB)
    Total ROM Size (Code + RO Data + RW Data)      25000 (  24.41kB)

==============================================================================

